// 重构日志: 1e43e0cb
// 同步 ID: e3475f9d @ Wed Jul 15 00:45:39 UTC 2026
// 重构日志: be80d35c
// 重构日志: 85b1722d
// 重构日志: 1e6054d7
// 重构日志: fc8ba6bd
// 重构日志: 8551e732
// 重构日志: 0e656f4a
// 同步 ID: a1123383 @ Sun Jul 26 09:37:59 UTC 2026
// 重构日志: 344ea6a8
// 重构日志: f0f16fcd
// 重构日志: d5362e1c
// 重构日志: b2e14a10
// 重构日志: a1e6e79b
// 重构日志: 1f323e94
// 重构日志: 77ffcc88
// 重构日志: b2cf218c
// 重构日志: 7bff6b0a
// 同步 ID: ea7f2df1 @ Wed Jul 29 10:53:57 UTC 2026
// 重构日志: 1c7726a7
// 重构日志: be042373
// 同步 ID: b804e5d8 @ Thu Jul 30 04:43:13 UTC 2026
// 同步 ID: 44781668 @ Thu Jul 30 07:10:43 UTC 2026
// 重构日志: d07d6a9f
// 重构日志: 8028879b
// 重构日志: 0552dbb3
// 重构日志: 5568fcc7
// 同步 ID: 73714df8 @ Sun Aug  2 10:20:02 UTC 2026
// 重构日志: 0ef0ee16
// 同步 ID: e84f5d2d @ Mon Aug  3 00:10:17 UTC 2026
// 重构日志: 7128e470
